// Jest Snapshot v1, https://goo.gl/fbAQLP

exports[`OverviewHeading match snapshot 1`] = `
<React.Fragment>
  <div
    className="overviewHeading"
    data-automation-id="overview-heading"
  >
    <h1>
      Overview
    </h1>
    <div>
      INTRO COMPONENT
    </div>
  </div>
</React.Fragment>
`;
